// Jest Snapshot v1, https://goo.gl/fbAQLP

exports[`BillHeader component should render its items 1`] = `
<div
  className="bill-header jumbotron"
>
  <h1>
    Your Sky Bill
  </h1>
  <h5>
    Issue Date: 
    01 Jan 1970
  </h5>
  <h5>
    Due Date: 
    01 Jan 1970
  </h5>
  <h5>
    Bill Period: 
    01 Jan 1970
     - 
    01 Jan 1970
  </h5>
  <h2>
    Month Total: Â£
    5
  </h2>
</div>
`;
